// Jest Snapshot v1, https://goo.gl/fbAQLP

exports[`Dio API /api/dios GET should retun all dio 1`] = `
Array [
  Object {
    "dioId": 1,
    "name": "test",
    "roomId": "0fc1d78e-fd1c-4717-b610-65d2fa3d01b2",
  },
  Object {
    "dioId": 2,
    "name": "test",
    "roomId": "0fc1d78e-fd1c-4717-b610-65d2fa3d01b2",
  },
]
`;
