// Jest Snapshot v1, https://goo.gl/fbAQLP

exports[`Dio findByIdAndUpdate should update correctly a dio 1`] = `
Array [
  RowDataPacket {
    "dioId": 1,
    "name": "updated",
    "roomId": "0fc1d78e-fd1c-4717-b610-65d2fa3d01b3",
  },
  RowDataPacket {
    "dioId": 2,
    "name": "test_2",
    "roomId": "0fc1d78e-fd1c-4717-b610-65d2fa3d01b2",
  },
  RowDataPacket {
    "dioId": 3,
    "name": "test_3",
    "roomId": "1fc1d78e-fd1c-4717-b610-65d2fa3d01b2",
  },
]
`;
